time="2022-05-11T21:12:13+08:00" level=info msg="Start initial compatible provider 代理"
time="2022-05-11T21:12:13+08:00" level=info msg="Start initial compatible provider 奈飞"
time="2022-05-11T21:12:13+08:00" level=info msg="Start initial compatible provider 🎯 全球直连"
time="2022-05-11T21:12:13+08:00" level=info msg="Start initial compatible provider 🛑 全球拦截"
time="2022-05-11T21:12:13+08:00" level=info msg="Start initial compatible provider 规则外路由选择"
time="2022-05-11T21:12:13+08:00" level=info msg="Start initial compatible provider 油管"
time="2022-05-11T21:12:13+08:00" level=info msg="Start initial compatible provider 电报"
time="2022-05-11T21:12:13+08:00" level=info msg="Start initial compatible provider ⛔ 应用拦截"
time="2022-05-11T21:12:13+08:00" level=info msg="Start initial compatible provider b站"
time="2022-05-11T21:12:13+08:00" level=error msg="Start HTTP server error: listen tcp 127.0.0.1:7890: bind: address already in use"
time="2022-05-11T21:12:13+08:00" level=error msg="Start SOCKS5 server error: listen tcp 127.0.0.1:7891: bind: address already in use"
time="2022-05-11T21:12:13+08:00" level=error msg="Start DNS server error: listen udp 127.0.0.1:2222: bind: address already in use"
time="2022-05-11T21:12:13+08:00" level=info msg="RESTful API listening at: 127.0.0.1:9090"
time="2022-05-11T21:12:13+08:00" level=error msg="External controller error: listen tcp 127.0.0.1:9090: bind: address already in use"
